
> newproject@0.1.0 build
> next build

▲ Next.js 16.3.5 (Turbopack)
- Environments: .env
✓ Running next.config.ts took 382ms

  Creating an optimized production build ...
✓ Compiled successfully in 77s
  Running TypeScript ...
✓ Finished filesystem cache database compaction in 12.0s
  Finished TypeScript in 54s ...
  Collecting page data using 7 workers ...
  Generating static pages using 7 workers (0/4) ...
  Generating static pages using 7 workers (1/4) 
  Generating static pages using 7 workers (2/4) 
  Generating static pages using 7 workers (3/4) 
✓ Generating static pages using 7 workers (4/4) in 1998ms
  Finalizing page optimization ...

Route (app)
┌ ○ /
├ ○ /_not-found
├ ƒ /book/[id]
├ ƒ /book/[id]/beats
├ ƒ /book/[id]/extraction
├ ƒ /book/[id]/images
├ ƒ /book/[id]/model
├ ƒ /book/[id]/preview
├ ƒ /book/[id]/story
└ ƒ /book/[id]/visuals


○  (Static)   prerendered as static content
ƒ  (Dynamic)  server-rendered on demand

